2026-09-18 14:52:19 | INFO    | 
=================================================================================================================================================================================================================
TABELLA 1 — Risultati per Configurazione (n, m)
=================================================================================================================================================================================================================
-----------------------------------------------------------------------------------------------------------------------------------------------------------------------------------------------------------------
Classe   | Config         | N     | M       | Runs   | Mean W    | Std W      | Min W     | Max W     | MeanFEbest   | StdFEbest   | MeanFE%   | MeanCover   | MeanReinit   | MeanTime   | StdTime   | Stopped%  
-----------------------------------------------------------------------------------------------------------------------------------------------------------------------------------------------------------------
SPI      | vc_20_120      | 20    | 120     | 10     | 1038.2    | 115.4439   | 844.0     | 1261.0    | 6            | 8.5635      | 0.03      | 15.9        | 19.7         | 11.892     | 0.3502    | 70.0      
SPI      | vc_20_60       | 20    | 60      | 10     | 861.8     | 87.2376    | 730.0     | 980.0     | 7.3          | 6.8158      | 0.04      | 13.1        | 19.7         | 9.293      | 0.5298    | 70.0      
SPI      | vc_25_150      | 25    | 150     | 10     | 1264.0    | 123.9328   | 1061.0    | 1450.0    | 7.3          | 13.5896     | 0.04      | 19.4        | 19.7         | 20.482     | 4.5796    | 70.0      
MPI      | vc_100_2000    | 100   | 2000    | 10     | 6051.9    | 197.7071   | 5738.0    | 6297.0    | 723.6        | 1355.9399   | 3.62      | 89.5        | 9            | 138.694    | 1.1053    | 0.0       
MPI      | vc_100_500     | 100   | 500     | 10     | 4607.7    | 161.2445   | 4370.0    | 4872.0    | 3080         | 2661.0373   | 15.4      | 71.6        | 9            | 87.74      | 1.2066    | 0.0       
MPI      | vc_200_3000    | 200   | 3000    | 10     | 11602.9   | 392.9559   | 11121.0   | 12549.0   | 3409.5       | 5581.3503   | 17.05     | 172.2       | 8.9          | 257.995    | 10.0445   | 0.0       
MPI      | vc_200_750     | 200   | 750     | 10     | 8273.3    | 321.4302   | 7635.0    | 8761.0    | 3762.1       | 4520.7774   | 18.81     | 132.5       | 8.8          | 167.603    | 3.0732    | 0.0       
LPI      | vc_800_10000   | 800   | 10000   | 10     | 44489.9   | 78.9183    | 44428.0   | 44694.0   | 5776.9       | 4955.3757   | 28.88     | 666.3       | 7.3          | 1288.973   | 246.356   | 0.0       
-----------------------------------------------------------------------------------------------------------------------------------------------------------------------------------------------------------------

2026-09-18 14:52:19 | INFO    | 
=====================================================================================================================================================================================================
TABELLA 2 — Risultati Aggregati per Classe (SPI / MPI / LPI)
=====================================================================================================================================================================================================
-----------------------------------------------------------------------------------------------------------------------------------------------------------------------------------------------------
Classe   | Config   | N   | M   | Runs   | Mean W    | Std W      | Min W     | Max W     | MeanFEbest   | StdFEbest   | MeanFE%   | MeanCover   | MeanReinit   | MeanTime   | StdTime   | Stopped%  
-----------------------------------------------------------------------------------------------------------------------------------------------------------------------------------------------------
SPI      | -        | -   | -   | 30     | 1054.67   | 198.2305   | 730.0     | 1450.0    | 6.9          | 9.7405      | 0.04      | 16.13       | 19.7         | 13.889     | 5.5028    | 70.0      
MPI      | -        | -   | -   | 40     | 7633.95   | 2684.855   | 4370.0    | 12549.0   | 2743.8       | 3926.6369   | 13.72     | 116.45      | 8.93         | 163.008    | 62.8427   | 0.0       
LPI      | -        | -   | -   | 10     | 44489.9   | 78.9183    | 44428.0   | 44694.0   | 5776.9       | 4955.3757   | 28.88     | 666.3       | 7.3          | 1288.973   | 246.356   | 0.0       
-----------------------------------------------------------------------------------------------------------------------------------------------------------------------------------------------------

2026-09-20 20:03:07 | INFO    | 
==================================================================================================================================================================================================================
TABELLA 1 — Risultati per Configurazione (n, m)
==================================================================================================================================================================================================================
------------------------------------------------------------------------------------------------------------------------------------------------------------------------------------------------------------------
Classe   | Config         | N     | M       | Runs   | Mean W    | Std W      | Min W     | Max W     | MeanFEbest   | StdFEbest   | MeanFE%   | MeanCover   | MeanReinit   | MeanTime   | StdTime    | Stopped%  
------------------------------------------------------------------------------------------------------------------------------------------------------------------------------------------------------------------
SPI      | vc_20_60       | 20    | 60      | 10     | 861.8     | 87.2376    | 730.0     | 980.0     | 7.3          | 6.8158      | 0.04      | 13.1        | 19.7         | 33.317     | 2.1644     | 70.0      
SPI      | vc_25_150      | 25    | 150     | 10     | 1264.0    | 123.9328   | 1061.0    | 1450.0    | 7.3          | 13.5896     | 0.04      | 19.4        | 19.7         | 23.422     | 4.514      | 70.0      
MPI      | vc_100_2000    | 100   | 2000    | 10     | 6051.9    | 197.7071   | 5738.0    | 6297.0    | 723.6        | 1355.9399   | 3.62      | 89.5        | 9            | 145.292    | 1.5929     | 0.0       
MPI      | vc_100_500     | 100   | 500     | 10     | 4607.7    | 161.2445   | 4370.0    | 4872.0    | 3080         | 2661.0373   | 15.4      | 71.6        | 9            | 80.775     | 16.0228    | 0.0       
MPI      | vc_200_3000    | 200   | 3000    | 10     | 11599.1   | 394.3181   | 11121.0   | 12549.0   | 4626.2       | 6165.4451   | 23.13     | 172.2       | 8.8          | 180.28     | 21.1754    | 0.0       
MPI      | vc_200_750     | 200   | 750     | 10     | 8273.3    | 321.4302   | 7635.0    | 8761.0    | 3762.1       | 4520.7774   | 18.81     | 132.5       | 8.8          | 161.066    | 25.0515    | 0.0       
LPI      | vc_800_10000   | 800   | 10000   | 10     | 44489.9   | 78.9183    | 44428.0   | 44694.0   | 5776.9       | 4955.3757   | 28.88     | 666.3       | 7.3          | 2126.846   | 264.5499   | 0.0       
------------------------------------------------------------------------------------------------------------------------------------------------------------------------------------------------------------------

2026-09-20 20:03:07 | INFO    | 
=======================================================================================================================================================================================================
TABELLA 2 — Risultati Aggregati per Classe (SPI / MPI / LPI)
=======================================================================================================================================================================================================
-------------------------------------------------------------------------------------------------------------------------------------------------------------------------------------------------------
Classe   | Config   | N   | M   | Runs   | Mean W    | Std W       | Min W     | Max W     | MeanFEbest   | StdFEbest   | MeanFE%   | MeanCover   | MeanReinit   | MeanTime   | StdTime    | Stopped%  
-------------------------------------------------------------------------------------------------------------------------------------------------------------------------------------------------------
SPI      | -        | -   | -   | 20     | 1062.9    | 231.1928    | 730.0     | 1450.0    | 7.3          | 10.4635     | 0.04      | 16.25       | 19.7         | 28.369     | 6.1349     | 70.0      
MPI      | -        | -   | -   | 40     | 7633.0    | 2683.4609   | 4370.0    | 12549.0   | 3048.0       | 4207.3612   | 15.24     | 116.45      | 8.9          | 141.853    | 41.7248    | 0.0       
LPI      | -        | -   | -   | 10     | 44489.9   | 78.9183     | 44428.0   | 44694.0   | 5776.9       | 4955.3757   | 28.88     | 666.3       | 7.3          | 2126.846   | 264.5499   | 0.0       
-------------------------------------------------------------------------------------------------------------------------------------------------------------------------------------------------------

2026-09-20 20:17:35 | INFO    | 
==================================================================================================================================================================================================================
TABELLA 1 — Risultati per Configurazione (n, m)
==================================================================================================================================================================================================================
------------------------------------------------------------------------------------------------------------------------------------------------------------------------------------------------------------------
Classe   | Config         | N     | M       | Runs   | Mean W    | Std W      | Min W     | Max W     | MeanFEbest   | StdFEbest   | MeanFE%   | MeanCover   | MeanReinit   | MeanTime   | StdTime    | Stopped%  
------------------------------------------------------------------------------------------------------------------------------------------------------------------------------------------------------------------
SPI      | vc_20_120      | 20    | 120     | 10     | 1038.2    | 115.4439   | 844.0     | 1261.0    | 6            | 8.5635      | 0.03      | 15.9        | 19.7         | 12.818     | 0.4248     | 70.0      
SPI      | vc_20_60       | 20    | 60      | 10     | 861.8     | 87.2376    | 730.0     | 980.0     | 7.3          | 6.8158      | 0.04      | 13.1        | 19.7         | 33.317     | 2.1644     | 70.0      
SPI      | vc_25_150      | 25    | 150     | 10     | 1264.0    | 123.9328   | 1061.0    | 1450.0    | 7.3          | 13.5896     | 0.04      | 19.4        | 19.7         | 23.422     | 4.514      | 70.0      
MPI      | vc_100_2000    | 100   | 2000    | 10     | 6051.9    | 197.7071   | 5738.0    | 6297.0    | 723.6        | 1355.9399   | 3.62      | 89.5        | 9            | 145.292    | 1.5929     | 0.0       
MPI      | vc_100_500     | 100   | 500     | 10     | 4607.7    | 161.2445   | 4370.0    | 4872.0    | 3080         | 2661.0373   | 15.4      | 71.6        | 9            | 80.775     | 16.0228    | 0.0       
MPI      | vc_200_3000    | 200   | 3000    | 10     | 11599.1   | 394.3181   | 11121.0   | 12549.0   | 4626.2       | 6165.4451   | 23.13     | 172.2       | 8.8          | 180.28     | 21.1754    | 0.0       
MPI      | vc_200_750     | 200   | 750     | 10     | 8273.3    | 321.4302   | 7635.0    | 8761.0    | 3762.1       | 4520.7774   | 18.81     | 132.5       | 8.8          | 161.066    | 25.0515    | 0.0       
LPI      | vc_800_10000   | 800   | 10000   | 10     | 44489.9   | 78.9183    | 44428.0   | 44694.0   | 5776.9       | 4955.3757   | 28.88     | 666.3       | 7.3          | 2126.846   | 264.5499   | 0.0       
------------------------------------------------------------------------------------------------------------------------------------------------------------------------------------------------------------------

2026-09-20 20:17:35 | INFO    | 
=======================================================================================================================================================================================================
TABELLA 2 — Risultati Aggregati per Classe (SPI / MPI / LPI)
=======================================================================================================================================================================================================
-------------------------------------------------------------------------------------------------------------------------------------------------------------------------------------------------------
Classe   | Config   | N   | M   | Runs   | Mean W    | Std W       | Min W     | Max W     | MeanFEbest   | StdFEbest   | MeanFE%   | MeanCover   | MeanReinit   | MeanTime   | StdTime    | Stopped%  
-------------------------------------------------------------------------------------------------------------------------------------------------------------------------------------------------------
SPI      | -        | -   | -   | 30     | 1054.67   | 198.2305    | 730.0     | 1450.0    | 6.9          | 9.7405      | 0.04      | 16.13       | 19.7         | 23.186     | 8.9617     | 70.0      
MPI      | -        | -   | -   | 40     | 7633.0    | 2683.4609   | 4370.0    | 12549.0   | 3048.0       | 4207.3612   | 15.24     | 116.45      | 8.9          | 141.853    | 41.7248    | 0.0       
LPI      | -        | -   | -   | 10     | 44489.9   | 78.9183     | 44428.0   | 44694.0   | 5776.9       | 4955.3757   | 28.88     | 666.3       | 7.3          | 2126.846   | 264.5499   | 0.0       
-------------------------------------------------------------------------------------------------------------------------------------------------------------------------------------------------------

2026-09-23 03:03:50 | INFO    | 
==================================================================================================================================================================================================================
TABELLA 1 — Risultati per Configurazione (n, m)
==================================================================================================================================================================================================================
------------------------------------------------------------------------------------------------------------------------------------------------------------------------------------------------------------------
Classe   | Config         | N     | M       | Runs   | Mean W    | Std W      | Min W     | Max W     | MeanFEbest   | StdFEbest   | MeanFE%   | MeanCover   | MeanReinit   | MeanTime   | StdTime    | Stopped%  
------------------------------------------------------------------------------------------------------------------------------------------------------------------------------------------------------------------
SPI      | vc_20_120      | 20    | 120     | 10     | 1038.2    | 115.4439   | 844.0     | 1261.0    | 6            | 8.5635      | 0.03      | 15.9        | 19.7         | 12.818     | 0.4248     | 70.0      
SPI      | vc_20_60       | 20    | 60      | 10     | 861.8     | 87.2376    | 730.0     | 980.0     | 7.3          | 6.8158      | 0.04      | 13.1        | 19.7         | 33.317     | 2.1644     | 70.0      
SPI      | vc_25_150      | 25    | 150     | 10     | 1264.0    | 123.9328   | 1061.0    | 1450.0    | 7.3          | 13.5896     | 0.04      | 19.4        | 19.7         | 23.422     | 4.514      | 70.0      
MPI      | vc_100_2000    | 100   | 2000    | 10     | 6051.9    | 197.7071   | 5738.0    | 6297.0    | 723.6        | 1355.9399   | 3.62      | 89.5        | 9            | 145.292    | 1.5929     | 0.0       
MPI      | vc_100_500     | 100   | 500     | 10     | 4607.7    | 161.2445   | 4370.0    | 4872.0    | 3080         | 2661.0373   | 15.4      | 71.6        | 9            | 80.775     | 16.0228    | 0.0       
MPI      | vc_200_3000    | 200   | 3000    | 10     | 11599.1   | 394.3181   | 11121.0   | 12549.0   | 4626.2       | 6165.4451   | 23.13     | 172.2       | 8.8          | 180.28     | 21.1754    | 0.0       
MPI      | vc_200_750     | 200   | 750     | 10     | 8273.3    | 321.4302   | 7635.0    | 8761.0    | 3762.1       | 4520.7774   | 18.81     | 132.5       | 8.8          | 161.066    | 25.0515    | 0.0       
LPI      | vc_800_10000   | 800   | 10000   | 10     | 44489.9   | 78.9183    | 44428.0   | 44694.0   | 5776.9       | 4955.3757   | 28.88     | 666.3       | 7.3          | 2126.846   | 264.5499   | 0.0       
------------------------------------------------------------------------------------------------------------------------------------------------------------------------------------------------------------------

2026-09-23 03:03:50 | INFO    | 
=======================================================================================================================================================================================================
TABELLA 2 — Risultati Aggregati per Classe (SPI / MPI / LPI)
=======================================================================================================================================================================================================
-------------------------------------------------------------------------------------------------------------------------------------------------------------------------------------------------------
Classe   | Config   | N   | M   | Runs   | Mean W    | Std W       | Min W     | Max W     | MeanFEbest   | StdFEbest   | MeanFE%   | MeanCover   | MeanReinit   | MeanTime   | StdTime    | Stopped%  
-------------------------------------------------------------------------------------------------------------------------------------------------------------------------------------------------------
SPI      | -        | -   | -   | 30     | 1054.67   | 198.2305    | 730.0     | 1450.0    | 6.9          | 9.7405      | 0.04      | 16.13       | 19.7         | 23.186     | 8.9617     | 70.0      
MPI      | -        | -   | -   | 40     | 7633.0    | 2683.4609   | 4370.0    | 12549.0   | 3048.0       | 4207.3612   | 15.24     | 116.45      | 8.9          | 141.853    | 41.7248    | 0.0       
LPI      | -        | -   | -   | 10     | 44489.9   | 78.9183     | 44428.0   | 44694.0   | 5776.9       | 4955.3757   | 28.88     | 666.3       | 7.3          | 2126.846   | 264.5499   | 0.0       
-------------------------------------------------------------------------------------------------------------------------------------------------------------------------------------------------------

2026-09-23 14:56:26 | INFO    | 
==================================================================================================================================================================================================================
TABELLA 1 — Risultati per Configurazione (n, m)
==================================================================================================================================================================================================================
------------------------------------------------------------------------------------------------------------------------------------------------------------------------------------------------------------------
Classe   | Config         | N     | M       | Runs   | Mean W    | Std W      | Min W     | Max W     | MeanFEbest   | StdFEbest   | MeanFE%   | MeanCover   | MeanReinit   | MeanTime   | StdTime    | Stopped%  
------------------------------------------------------------------------------------------------------------------------------------------------------------------------------------------------------------------
SPI      | vc_20_120      | 20    | 120     | 10     | 1038.2    | 115.4439   | 844.0     | 1261.0    | 6            | 8.5635      | 0.03      | 15.9        | 19.7         | 12.119     | 0.6928     | 70.0      
SPI      | vc_25_150      | 25    | 150     | 10     | 1264.0    | 123.9328   | 1061.0    | 1450.0    | 7.3          | 13.5896     | 0.04      | 19.4        | 19.7         | 16.071     | 1.7026     | 70.0      
MPI      | vc_100_2000    | 100   | 2000    | 10     | 6051.9    | 197.7071   | 5738.0    | 6297.0    | 723.6        | 1355.9399   | 3.62      | 89.5        | 9            | 131.011    | 17.2155    | 0.0       
MPI      | vc_100_500     | 100   | 500     | 10     | 4607.7    | 161.2445   | 4370.0    | 4872.0    | 3080         | 2661.0373   | 15.4      | 71.6        | 9            | 74.82      | 16.9109    | 0.0       
MPI      | vc_200_3000    | 200   | 3000    | 10     | 11599.1   | 394.3181   | 11121.0   | 12549.0   | 4626.2       | 6165.4451   | 23.13     | 172.2       | 8.8          | 161.525    | 8.4512     | 0.0       
MPI      | vc_200_750     | 200   | 750     | 10     | 8273.3    | 321.4302   | 7635.0    | 8761.0    | 3762.1       | 4520.7774   | 18.81     | 132.5       | 8.8          | 104.949    | 3.1685     | 0.0       
LPI      | vc_800_10000   | 800   | 10000   | 10     | 44489.9   | 78.9183    | 44428.0   | 44694.0   | 5776.9       | 4955.3757   | 28.88     | 666.3       | 7.3          | 1438.451   | 449.7396   | 0.0       
------------------------------------------------------------------------------------------------------------------------------------------------------------------------------------------------------------------

2026-09-23 14:56:26 | INFO    | 
=======================================================================================================================================================================================================
TABELLA 2 — Risultati Aggregati per Classe (SPI / MPI / LPI)
=======================================================================================================================================================================================================
-------------------------------------------------------------------------------------------------------------------------------------------------------------------------------------------------------
Classe   | Config   | N   | M   | Runs   | Mean W    | Std W       | Min W     | Max W     | MeanFEbest   | StdFEbest   | MeanFE%   | MeanCover   | MeanReinit   | MeanTime   | StdTime    | Stopped%  
-------------------------------------------------------------------------------------------------------------------------------------------------------------------------------------------------------
SPI      | -        | -   | -   | 20     | 1151.1    | 164.334     | 844.0     | 1450.0    | 6.7          | 11.0752     | 0.04      | 17.65       | 19.7         | 14.095     | 2.3898     | 70.0      
MPI      | -        | -   | -   | 40     | 7633.0    | 2683.4609   | 4370.0    | 12549.0   | 3048.0       | 4207.3612   | 15.24     | 116.45      | 8.9          | 118.076    | 34.7       | 0.0       
LPI      | -        | -   | -   | 10     | 44489.9   | 78.9183     | 44428.0   | 44694.0   | 5776.9       | 4955.3757   | 28.88     | 666.3       | 7.3          | 1438.451   | 449.7396   | 0.0       
-------------------------------------------------------------------------------------------------------------------------------------------------------------------------------------------------------

2026-09-23 15:09:35 | INFO    | 
==================================================================================================================================================================================================================
TABELLA 1 — Risultati per Configurazione (n, m)
==================================================================================================================================================================================================================
------------------------------------------------------------------------------------------------------------------------------------------------------------------------------------------------------------------
Classe   | Config         | N     | M       | Runs   | Mean W    | Std W      | Min W     | Max W     | MeanFEbest   | StdFEbest   | MeanFE%   | MeanCover   | MeanReinit   | MeanTime   | StdTime    | Stopped%  
------------------------------------------------------------------------------------------------------------------------------------------------------------------------------------------------------------------
SPI      | vc_20_120      | 20    | 120     | 10     | 1038.2    | 115.4439   | 844.0     | 1261.0    | 6            | 8.5635      | 0.03      | 15.9        | 19.7         | 12.119     | 0.6928     | 70.0      
SPI      | vc_20_60       | 20    | 60      | 10     | 861.8     | 87.2376    | 730.0     | 980.0     | 7.3          | 6.8158      | 0.04      | 13.1        | 19.7         | 15.305     | 6.8349     | 70.0      
SPI      | vc_25_150      | 25    | 150     | 10     | 1264.0    | 123.9328   | 1061.0    | 1450.0    | 7.3          | 13.5896     | 0.04      | 19.4        | 19.7         | 16.071     | 1.7026     | 70.0      
MPI      | vc_100_2000    | 100   | 2000    | 10     | 6051.9    | 197.7071   | 5738.0    | 6297.0    | 723.6        | 1355.9399   | 3.62      | 89.5        | 9            | 131.011    | 17.2155    | 0.0       
MPI      | vc_100_500     | 100   | 500     | 10     | 4607.7    | 161.2445   | 4370.0    | 4872.0    | 3080         | 2661.0373   | 15.4      | 71.6        | 9            | 74.82      | 16.9109    | 0.0       
MPI      | vc_200_3000    | 200   | 3000    | 10     | 11599.1   | 394.3181   | 11121.0   | 12549.0   | 4626.2       | 6165.4451   | 23.13     | 172.2       | 8.8          | 161.525    | 8.4512     | 0.0       
MPI      | vc_200_750     | 200   | 750     | 10     | 8273.3    | 321.4302   | 7635.0    | 8761.0    | 3762.1       | 4520.7774   | 18.81     | 132.5       | 8.8          | 104.949    | 3.1685     | 0.0       
LPI      | vc_800_10000   | 800   | 10000   | 10     | 44489.9   | 78.9183    | 44428.0   | 44694.0   | 5776.9       | 4955.3757   | 28.88     | 666.3       | 7.3          | 1438.451   | 449.7396   | 0.0       
------------------------------------------------------------------------------------------------------------------------------------------------------------------------------------------------------------------

2026-09-23 15:09:35 | INFO    | 
=======================================================================================================================================================================================================
TABELLA 2 — Risultati Aggregati per Classe (SPI / MPI / LPI)
=======================================================================================================================================================================================================
-------------------------------------------------------------------------------------------------------------------------------------------------------------------------------------------------------
Classe   | Config   | N   | M   | Runs   | Mean W    | Std W       | Min W     | Max W     | MeanFEbest   | StdFEbest   | MeanFE%   | MeanCover   | MeanReinit   | MeanTime   | StdTime    | Stopped%  
-------------------------------------------------------------------------------------------------------------------------------------------------------------------------------------------------------
SPI      | -        | -   | -   | 30     | 1054.67   | 198.2305    | 730.0     | 1450.0    | 6.9          | 9.7405      | 0.04      | 16.13       | 19.7         | 14.499     | 4.31       | 70.0      
MPI      | -        | -   | -   | 40     | 7633.0    | 2683.4609   | 4370.0    | 12549.0   | 3048.0       | 4207.3612   | 15.24     | 116.45      | 8.9          | 118.076    | 34.7       | 0.0       
LPI      | -        | -   | -   | 10     | 44489.9   | 78.9183     | 44428.0   | 44694.0   | 5776.9       | 4955.3757   | 28.88     | 666.3       | 7.3          | 1438.451   | 449.7396   | 0.0       
-------------------------------------------------------------------------------------------------------------------------------------------------------------------------------------------------------

