2026-09-13 16:11:19 | INFO    | [INFO] Avvio analisi di convergenza su 3 istanze (10 run per istanza)...
2026-09-13 16:11:19 | INFO    | [INFO] [1/3] Elaborazione istanza: vc_20_120_05.txt (SPI (vc_20_120_05))...
2026-09-13 16:11:19 | INFO    |   -> Grafo caricato: |V|=20, |E|=120
2026-09-13 16:11:19 | INFO    |   -> Calcolo Ottimo ILP (time limit 30s)...
2026-09-13 16:11:19 | INFO    |   -> Soluzione ILP trovata: 997
2026-09-13 16:11:19 | INFO    |   -> Avvio 10 run MMAS (n_ants=5, max_fe=20000)...
2026-09-13 16:12:10 | INFO    |      [Run 1/10] seed=42 -> best_weight=997 (fe_at_best=1)
2026-09-13 16:13:01 | INFO    |      [Run 2/10] seed=43 -> best_weight=997 (fe_at_best=1)
2026-09-13 16:13:51 | INFO    |      [Run 3/10] seed=44 -> best_weight=997 (fe_at_best=1)
2026-09-13 16:14:41 | INFO    |      [Run 4/10] seed=45 -> best_weight=997 (fe_at_best=1)
2026-09-13 16:15:32 | INFO    |      [Run 5/10] seed=46 -> best_weight=997 (fe_at_best=1)
2026-09-13 16:16:15 | INFO    |      [Run 6/10] seed=47 -> best_weight=997 (fe_at_best=1)
2026-09-13 16:16:28 | INFO    |      [Run 7/10] seed=48 -> best_weight=997 (fe_at_best=1)
2026-09-13 16:16:41 | INFO    |      [Run 8/10] seed=49 -> best_weight=997 (fe_at_best=1)
2026-09-13 16:16:54 | INFO    |      [Run 9/10] seed=50 -> best_weight=997 (fe_at_best=1)
2026-09-13 16:17:30 | INFO    |      [Run 10/10] seed=51 -> best_weight=997 (fe_at_best=1)
2026-09-13 16:17:30 | INFO    |   [OK] Risultato vc_20_120_05.txt: Peso finale medio = 997.0 ± 0.0
2026-09-13 16:17:30 | INFO    | [INFO] [2/3] Elaborazione istanza: vc_200_750_05.txt (MPI (vc_200_750_05))...
2026-09-13 16:17:30 | INFO    |   -> Grafo caricato: |V|=200, |E|=750
2026-09-13 16:17:30 | INFO    |   -> Calcolo Lower Bound LP...
2026-09-13 16:17:30 | INFO    |   -> Lower Bound LP: 6341
2026-09-13 16:17:30 | INFO    |   -> Avvio 10 run MMAS (n_ants=20, max_fe=20000)...
2026-09-13 16:24:32 | INFO    |      [Run 1/10] seed=42 -> best_weight=8761 (fe_at_best=376)
2026-09-13 16:29:11 | INFO    |      [Run 2/10] seed=43 -> best_weight=8761 (fe_at_best=424)
2026-09-13 16:30:58 | INFO    |      [Run 3/10] seed=44 -> best_weight=8761 (fe_at_best=568)
2026-09-13 16:32:45 | INFO    |      [Run 4/10] seed=45 -> best_weight=8761 (fe_at_best=615)
2026-09-13 16:34:32 | INFO    |      [Run 5/10] seed=46 -> best_weight=8761 (fe_at_best=496)
2026-09-13 16:36:22 | INFO    |      [Run 6/10] seed=47 -> best_weight=8761 (fe_at_best=420)
2026-09-13 16:38:13 | INFO    |      [Run 7/10] seed=48 -> best_weight=8752 (fe_at_best=11079)
2026-09-13 16:39:58 | INFO    |      [Run 8/10] seed=49 -> best_weight=8761 (fe_at_best=559)
2026-09-13 16:41:44 | INFO    |      [Run 9/10] seed=50 -> best_weight=8761 (fe_at_best=569)
2026-09-13 16:43:39 | INFO    |      [Run 10/10] seed=51 -> best_weight=8761 (fe_at_best=489)
2026-09-13 16:43:39 | INFO    |   [OK] Risultato vc_200_750_05.txt: Peso finale medio = 8760.1 ± 2.7
2026-09-13 16:43:39 | INFO    | [INFO] [3/3] Elaborazione istanza: vc_800_10000.txt (LPI (vc_800_10000))...
2026-09-13 16:43:39 | INFO    |   -> Grafo caricato: |V|=800, |E|=10000
2026-09-13 16:43:39 | INFO    |   -> Calcolo Lower Bound LP...
2026-09-13 16:43:39 | INFO    |   -> Lower Bound LP: 26800
2026-09-13 16:43:39 | INFO    |   -> Avvio 10 run MMAS (n_ants=80, max_fe=20000)...
2026-09-13 16:58:20 | INFO    |      [Run 1/10] seed=42 -> best_weight=44485 (fe_at_best=4106)
2026-09-13 17:38:05 | INFO    |      [Run 2/10] seed=43 -> best_weight=44501 (fe_at_best=4083)
2026-09-13 18:17:35 | INFO    |      [Run 3/10] seed=44 -> best_weight=44772 (fe_at_best=4787)
2026-09-13 18:54:19 | INFO    |      [Run 4/10] seed=45 -> best_weight=44624 (fe_at_best=3015)
2026-09-13 19:53:59 | INFO    |      [Run 5/10] seed=46 -> best_weight=44474 (fe_at_best=7602)
2026-09-13 20:10:19 | INFO    |      [Run 6/10] seed=47 -> best_weight=44446 (fe_at_best=4523)
2026-09-13 20:28:41 | INFO    |      [Run 7/10] seed=48 -> best_weight=44439 (fe_at_best=4487)
2026-09-13 21:17:42 | INFO    |      [Run 8/10] seed=49 -> best_weight=44464 (fe_at_best=5880)
2026-09-14 00:45:21 | INFO    |      [Run 9/10] seed=50 -> best_weight=44488 (fe_at_best=3782)
2026-09-14 01:05:36 | INFO    |      [Run 10/10] seed=51 -> best_weight=44589 (fe_at_best=4163)
2026-09-14 01:05:37 | INFO    |   [OK] Risultato vc_800_10000.txt: Peso finale medio = 44528.2 ± 99.2
2026-09-14 01:05:41 | INFO    | [SUCCESSO] Grafico convergenza salvato in: C:\Users\macca\Desktop\università\magistrale\MWVC-Optimization-HEMOL\results\plots\convergence_3_classes.png (e C:\Users\macca\Desktop\università\magistrale\MWVC-Optimization-HEMOL\results\plots\convergence_band.png)
