2026-09-14 01:06:03 | INFO    | [INFO] Lettura dati da: C:\Users\macca\Desktop\università\magistrale\MWVC-Optimization-HEMOL\results\csv
2026-09-14 01:06:03 | INFO    | [INFO] 80 run caricate da 8 configurazioni.
2026-09-14 01:06:03 | INFO    | [INFO] Salvataggio grafici in: C:\Users\macca\Desktop\università\magistrale\MWVC-Optimization-HEMOL\results\plots
2026-09-14 01:06:05 | INFO    |   [OK] C:\Users\macca\Desktop\università\magistrale\MWVC-Optimization-HEMOL\results\plots\boxplot_best_weight.png
2026-09-14 01:06:05 | INFO    |   [OK] C:\Users\macca\Desktop\università\magistrale\MWVC-Optimization-HEMOL\results\plots\fe_vs_weight.png
2026-09-14 01:06:06 | INFO    |   [OK] C:\Users\macca\Desktop\università\magistrale\MWVC-Optimization-HEMOL\results\plots\budget_distribution.png
2026-09-14 01:06:06 | INFO    | [INFO] Avvio Ablation Study su vc_200_3000_05.txt (10 seed per variante)...
2026-09-14 01:06:06 | INFO    |   -> Grafo caricato: |V|=200, |E|=3000, n_ants=20
2026-09-14 01:06:06 | INFO    | [INFO] [1/5] Valutazione variante: 'MMAS Completo'...
2026-09-14 11:22:59 | INFO    |      [Run 4/10] seed=45 -> best_weight=11521
2026-09-14 11:28:16 | INFO    |      [Run 5/10] seed=46 -> best_weight=11515
2026-09-14 11:31:10 | INFO    |      [Run 6/10] seed=47 -> best_weight=11521
2026-09-14 11:34:12 | INFO    |      [Run 7/10] seed=48 -> best_weight=11515
2026-09-14 11:37:19 | INFO    |      [Run 8/10] seed=49 -> best_weight=11515
2026-09-14 11:40:13 | INFO    |      [Run 9/10] seed=50 -> best_weight=11515
2026-09-14 11:43:25 | INFO    |      [Run 10/10] seed=51 -> best_weight=11515
2026-09-14 11:43:25 | INFO    |   [OK] Variante 'MMAS Completo' completata: 11518.0 ± 3.0
2026-09-14 11:43:25 | INFO    | [INFO] [2/5] Valutazione variante: 'Senza Recovery'...
2026-09-14 11:46:25 | INFO    |      [Run 1/10] seed=42 -> best_weight=11521
2026-09-14 11:49:27 | INFO    |      [Run 2/10] seed=43 -> best_weight=11521
2026-09-14 13:14:33 | INFO    |      [Run 3/10] seed=44 -> best_weight=11521
2026-09-14 13:17:45 | INFO    |      [Run 4/10] seed=45 -> best_weight=11521
2026-09-14 13:21:09 | INFO    |      [Run 5/10] seed=46 -> best_weight=11515
2026-09-14 13:32:14 | INFO    |      [Run 6/10] seed=47 -> best_weight=11521
2026-09-14 13:35:24 | INFO    |      [Run 7/10] seed=48 -> best_weight=11515
2026-09-14 13:40:36 | INFO    |      [Run 8/10] seed=49 -> best_weight=11515
2026-09-14 13:48:24 | INFO    |      [Run 9/10] seed=50 -> best_weight=11515
2026-09-14 13:57:17 | INFO    |      [Run 10/10] seed=51 -> best_weight=11515
2026-09-14 13:57:17 | INFO    |   [OK] Variante 'Senza Recovery' completata: 11518.0 ± 3.0
2026-09-14 13:57:18 | INFO    | [INFO] [3/5] Valutazione variante: 'Senza Pruning'...
2026-09-14 14:06:29 | INFO    |      [Run 1/10] seed=42 -> best_weight=11553
2026-09-14 14:15:37 | INFO    |      [Run 2/10] seed=43 -> best_weight=11557
2026-09-14 14:24:45 | INFO    |      [Run 3/10] seed=44 -> best_weight=11585
2026-09-14 14:34:04 | INFO    |      [Run 4/10] seed=45 -> best_weight=11546
2026-09-14 14:43:08 | INFO    |      [Run 5/10] seed=46 -> best_weight=11557
2026-09-14 14:55:03 | INFO    |      [Run 6/10] seed=47 -> best_weight=11585
2026-09-14 15:04:05 | INFO    |      [Run 7/10] seed=48 -> best_weight=11557
2026-09-14 15:13:09 | INFO    |      [Run 8/10] seed=49 -> best_weight=11557
2026-09-14 15:22:22 | INFO    |      [Run 9/10] seed=50 -> best_weight=11585
2026-09-14 15:30:24 | INFO    |      [Run 10/10] seed=51 -> best_weight=11557
2026-09-14 15:30:24 | INFO    |   [OK] Variante 'Senza Pruning' completata: 11563.9 ± 14.2
2026-09-14 15:30:24 | INFO    | [INFO] [4/5] Valutazione variante: 'No Feromone (α=0)'...
2026-09-14 15:40:20 | INFO    |      [Run 1/10] seed=42 -> best_weight=11515
2026-09-14 15:47:06 | INFO    |      [Run 2/10] seed=43 -> best_weight=11515
2026-09-14 15:59:15 | INFO    |      [Run 3/10] seed=44 -> best_weight=11515
2026-09-14 16:08:55 | INFO    |      [Run 4/10] seed=45 -> best_weight=11515
2026-09-14 16:18:29 | INFO    |      [Run 5/10] seed=46 -> best_weight=11515
2026-09-14 16:34:04 | INFO    |      [Run 6/10] seed=47 -> best_weight=11515
2026-09-14 16:43:48 | INFO    |      [Run 7/10] seed=48 -> best_weight=11521
2026-09-14 16:53:33 | INFO    |      [Run 8/10] seed=49 -> best_weight=11534
2026-09-14 17:03:21 | INFO    |      [Run 9/10] seed=50 -> best_weight=11540
2026-09-14 17:13:07 | INFO    |      [Run 10/10] seed=51 -> best_weight=11515
2026-09-14 17:13:07 | INFO    |   [OK] Variante 'No Feromone (α=0)' completata: 11520.0 ± 8.8
2026-09-14 17:13:07 | INFO    | [INFO] [5/5] Valutazione variante: 'No Euristica (β=0)'...
2026-09-14 17:22:38 | INFO    |      [Run 1/10] seed=42 -> best_weight=11545
2026-09-14 17:32:07 | INFO    |      [Run 2/10] seed=43 -> best_weight=11534
2026-09-14 17:41:32 | INFO    |      [Run 3/10] seed=44 -> best_weight=11515
2026-09-14 17:50:44 | INFO    |      [Run 4/10] seed=45 -> best_weight=11545
2026-09-14 18:00:02 | INFO    |      [Run 5/10] seed=46 -> best_weight=11521
2026-09-14 18:09:24 | INFO    |      [Run 6/10] seed=47 -> best_weight=11545
2026-09-14 18:18:45 | INFO    |      [Run 7/10] seed=48 -> best_weight=11534
2026-09-14 18:25:30 | INFO    |      [Run 8/10] seed=49 -> best_weight=11515
2026-09-14 18:31:39 | INFO    |      [Run 9/10] seed=50 -> best_weight=11515
2026-09-14 18:37:50 | INFO    |      [Run 10/10] seed=51 -> best_weight=11521
2026-09-14 18:37:50 | INFO    |   [OK] Variante 'No Euristica (β=0)' completata: 11529.0 ± 12.4
2026-09-14 18:37:54 | INFO    | [SUCCESSO] Grafico Ablation Study salvato in: C:\Users\macca\Desktop\università\magistrale\MWVC-Optimization-HEMOL\results\plots\ablation_study_mpi.png e C:\Users\macca\Desktop\università\magistrale\MWVC-Optimization-HEMOL\results\plots\ablation_study.png
2026-09-14 18:37:54 | INFO    | [SUCCESSO] Grafici di ablazione completati.
2026-09-19 13:02:58 | INFO    | [INFO] Lettura dati da: C:\Users\macca\Desktop\università\magistrale\MWVC-Optimization-HEMOL\results\csv
2026-09-19 13:02:58 | INFO    | [INFO] 80 run caricate da 8 configurazioni.
2026-09-19 13:02:58 | INFO    | [INFO] Salvataggio grafici in: C:\Users\macca\Desktop\università\magistrale\MWVC-Optimization-HEMOL\results\plots
2026-09-19 13:03:00 | INFO    |   [OK] C:\Users\macca\Desktop\università\magistrale\MWVC-Optimization-HEMOL\results\plots\boxplot_best_weight.png
2026-09-19 13:03:01 | INFO    |   [OK] C:\Users\macca\Desktop\università\magistrale\MWVC-Optimization-HEMOL\results\plots\fe_vs_weight.png
2026-09-19 13:03:02 | INFO    |   [OK] C:\Users\macca\Desktop\università\magistrale\MWVC-Optimization-HEMOL\results\plots\budget_distribution.png
2026-09-19 13:03:02 | INFO    | [INFO] Avvio Ablation Study su vc_200_3000_05.txt (10 seed per variante)...
2026-09-19 13:03:02 | INFO    |   -> Grafo caricato: |V|=200, |E|=3000, n_ants=20
2026-09-19 13:03:02 | INFO    | [INFO] [1/5] Valutazione variante: 'MMAS Completo'...
2026-09-19 13:10:43 | INFO    |      [Run 1/10] seed=42 -> best_weight=11515
2026-09-19 13:16:47 | INFO    |      [Run 2/10] seed=43 -> best_weight=11515
2026-09-19 13:23:22 | INFO    |      [Run 3/10] seed=44 -> best_weight=11515
2026-09-19 13:30:48 | INFO    |      [Run 4/10] seed=45 -> best_weight=11521
2026-09-19 13:36:42 | INFO    |      [Run 5/10] seed=46 -> best_weight=11515
2026-09-19 13:40:47 | INFO    |      [Run 6/10] seed=47 -> best_weight=11534
2026-09-19 13:43:48 | INFO    |      [Run 7/10] seed=48 -> best_weight=11521
2026-09-19 13:46:46 | INFO    |      [Run 8/10] seed=49 -> best_weight=11515
2026-09-19 13:49:43 | INFO    |      [Run 9/10] seed=50 -> best_weight=11515
2026-09-19 13:52:31 | INFO    |      [Run 10/10] seed=51 -> best_weight=11515
2026-09-19 13:52:31 | INFO    |   [OK] Variante 'MMAS Completo' completata: 11518.1 ± 5.8
2026-09-19 13:52:31 | INFO    | [INFO] [2/5] Valutazione variante: 'Senza Recovery'...
2026-09-19 13:55:20 | INFO    |      [Run 1/10] seed=42 -> best_weight=11515
2026-09-19 13:58:07 | INFO    |      [Run 2/10] seed=43 -> best_weight=11515
2026-09-19 14:00:55 | INFO    |      [Run 3/10] seed=44 -> best_weight=11515
2026-09-19 14:03:43 | INFO    |      [Run 4/10] seed=45 -> best_weight=11521
2026-09-19 14:06:30 | INFO    |      [Run 5/10] seed=46 -> best_weight=11515
2026-09-19 14:09:17 | INFO    |      [Run 6/10] seed=47 -> best_weight=11534
2026-09-19 14:12:04 | INFO    |      [Run 7/10] seed=48 -> best_weight=11521
2026-09-19 14:14:51 | INFO    |      [Run 8/10] seed=49 -> best_weight=11515
2026-09-19 14:17:39 | INFO    |      [Run 9/10] seed=50 -> best_weight=11515
2026-09-19 14:20:27 | INFO    |      [Run 10/10] seed=51 -> best_weight=11515
2026-09-19 14:20:27 | INFO    |   [OK] Variante 'Senza Recovery' completata: 11518.1 ± 5.8
2026-09-19 14:20:27 | INFO    | [INFO] [3/5] Valutazione variante: 'Senza Pruning'...
2026-09-19 14:23:11 | INFO    |      [Run 1/10] seed=42 -> best_weight=11553
2026-09-19 14:25:55 | INFO    |      [Run 2/10] seed=43 -> best_weight=11557
2026-09-19 14:28:40 | INFO    |      [Run 3/10] seed=44 -> best_weight=11585
2026-09-19 14:31:24 | INFO    |      [Run 4/10] seed=45 -> best_weight=11546
2026-09-19 14:34:09 | INFO    |      [Run 5/10] seed=46 -> best_weight=11557
2026-09-19 14:36:54 | INFO    |      [Run 6/10] seed=47 -> best_weight=11585
2026-09-19 14:39:39 | INFO    |      [Run 7/10] seed=48 -> best_weight=11557
2026-09-19 14:42:23 | INFO    |      [Run 8/10] seed=49 -> best_weight=11557
2026-09-19 14:45:07 | INFO    |      [Run 9/10] seed=50 -> best_weight=11585
2026-09-19 14:47:52 | INFO    |      [Run 10/10] seed=51 -> best_weight=11557
2026-09-19 14:47:52 | INFO    |   [OK] Variante 'Senza Pruning' completata: 11563.9 ± 14.2
2026-09-19 14:47:52 | INFO    | [INFO] [4/5] Valutazione variante: 'No Feromone (α=0)'...
2026-09-19 14:50:54 | INFO    |      [Run 1/10] seed=42 -> best_weight=11515
2026-09-19 14:54:00 | INFO    |      [Run 2/10] seed=43 -> best_weight=11515
2026-09-19 14:57:59 | INFO    |      [Run 3/10] seed=44 -> best_weight=11515
2026-09-19 15:02:49 | INFO    |      [Run 4/10] seed=45 -> best_weight=11515
2026-09-19 15:06:46 | INFO    |      [Run 5/10] seed=46 -> best_weight=11515
2026-09-19 15:10:04 | INFO    |      [Run 6/10] seed=47 -> best_weight=11515
2026-09-19 15:13:09 | INFO    |      [Run 7/10] seed=48 -> best_weight=11521
2026-09-19 15:18:14 | INFO    |      [Run 8/10] seed=49 -> best_weight=11534
2026-09-19 15:21:24 | INFO    |      [Run 9/10] seed=50 -> best_weight=11540
2026-09-19 15:26:19 | INFO    |      [Run 10/10] seed=51 -> best_weight=11515
2026-09-19 15:26:20 | INFO    |   [OK] Variante 'No Feromone (α=0)' completata: 11520.0 ± 8.8
2026-09-19 15:26:20 | INFO    | [INFO] [5/5] Valutazione variante: 'No Euristica (β=0)'...
2026-09-19 15:31:10 | INFO    |      [Run 1/10] seed=42 -> best_weight=11534
2026-09-19 15:36:01 | INFO    |      [Run 2/10] seed=43 -> best_weight=11515
2026-09-19 15:40:56 | INFO    |      [Run 3/10] seed=44 -> best_weight=11515
2026-09-19 15:45:48 | INFO    |      [Run 4/10] seed=45 -> best_weight=11545
2026-09-19 15:50:40 | INFO    |      [Run 5/10] seed=46 -> best_weight=11534
2026-09-19 15:55:18 | INFO    |      [Run 6/10] seed=47 -> best_weight=11534
2026-09-19 15:58:16 | INFO    |      [Run 7/10] seed=48 -> best_weight=11515
2026-09-19 16:02:51 | INFO    |      [Run 8/10] seed=49 -> best_weight=11545
2026-09-19 16:07:43 | INFO    |      [Run 9/10] seed=50 -> best_weight=11534
2026-09-19 16:12:33 | INFO    |      [Run 10/10] seed=51 -> best_weight=11545
2026-09-19 16:12:33 | INFO    |   [OK] Variante 'No Euristica (β=0)' completata: 11531.6 ± 11.8
2026-09-19 16:12:36 | INFO    | [SUCCESSO] Grafico Ablation Study salvato in: C:\Users\macca\Desktop\università\magistrale\MWVC-Optimization-HEMOL\results\plots\ablation_study_mpi.png e C:\Users\macca\Desktop\università\magistrale\MWVC-Optimization-HEMOL\results\plots\ablation_study.png
2026-09-19 16:12:36 | INFO    | [SUCCESSO] Grafici di ablazione completati.
2026-09-19 21:57:41 | INFO    | [INFO] Lettura dati da: C:\Users\macca\Desktop\università\magistrale\MWVC-Optimization-HEMOL\results\csv
2026-09-19 21:57:41 | INFO    | [INFO] 70 run caricate da 8 configurazioni.
2026-09-19 21:57:41 | INFO    | [INFO] Salvataggio grafici in: C:\Users\macca\Desktop\università\magistrale\MWVC-Optimization-HEMOL\results\plots
2026-09-19 21:57:43 | INFO    |   [OK] C:\Users\macca\Desktop\università\magistrale\MWVC-Optimization-HEMOL\results\plots\boxplot_best_weight.png
2026-09-19 21:57:43 | INFO    |   [OK] C:\Users\macca\Desktop\università\magistrale\MWVC-Optimization-HEMOL\results\plots\fe_vs_weight.png
2026-09-19 21:57:44 | INFO    |   [OK] C:\Users\macca\Desktop\università\magistrale\MWVC-Optimization-HEMOL\results\plots\budget_distribution.png
2026-09-19 21:57:44 | INFO    | [INFO] Avvio Ablation Study su vc_200_3000_05.txt (10 seed per variante)...
2026-09-19 21:57:44 | INFO    |   -> Grafo caricato: |V|=200, |E|=3000, n_ants=20
2026-09-19 21:57:44 | INFO    | [INFO] [1/5] Valutazione variante: 'MMAS Completo'...
2026-09-19 21:59:25 | INFO    | [INFO] Lettura dati da: C:\Users\macca\Desktop\università\magistrale\MWVC-Optimization-HEMOL\results\csv
2026-09-19 21:59:25 | INFO    | [INFO] 70 run caricate da 8 configurazioni.
2026-09-19 21:59:25 | INFO    | [INFO] Salvataggio grafici in: C:\Users\macca\Desktop\università\magistrale\MWVC-Optimization-HEMOL\results\plots
2026-09-19 21:59:26 | INFO    |   [OK] C:\Users\macca\Desktop\università\magistrale\MWVC-Optimization-HEMOL\results\plots\boxplot_best_weight.png
2026-09-19 21:59:26 | INFO    |   [OK] C:\Users\macca\Desktop\università\magistrale\MWVC-Optimization-HEMOL\results\plots\fe_vs_weight.png
2026-09-19 21:59:27 | INFO    |   [OK] C:\Users\macca\Desktop\università\magistrale\MWVC-Optimization-HEMOL\results\plots\budget_distribution.png
2026-09-19 21:59:27 | INFO    | [INFO] Avvio Ablation Study su vc_800_10000.txt (10 seed per variante)...
2026-09-19 21:59:27 | INFO    |   -> Grafo caricato: |V|=800, |E|=10000, n_ants=80
2026-09-19 21:59:27 | INFO    | [INFO] [1/5] Valutazione variante: 'MMAS Completo'...
2026-09-19 22:02:13 | INFO    | [INFO] Lettura dati da: C:\Users\macca\Desktop\università\magistrale\MWVC-Optimization-HEMOL\results\csv
2026-09-19 22:02:13 | INFO    | [INFO] 71 run caricate da 8 configurazioni.
2026-09-19 22:02:13 | INFO    | [INFO] Salvataggio grafici in: C:\Users\macca\Desktop\università\magistrale\MWVC-Optimization-HEMOL\results\plots
2026-09-19 22:02:14 | INFO    |   [OK] C:\Users\macca\Desktop\università\magistrale\MWVC-Optimization-HEMOL\results\plots\boxplot_best_weight.png
2026-09-19 22:02:15 | INFO    |   [OK] C:\Users\macca\Desktop\università\magistrale\MWVC-Optimization-HEMOL\results\plots\fe_vs_weight.png
2026-09-19 22:02:15 | INFO    |   [OK] C:\Users\macca\Desktop\università\magistrale\MWVC-Optimization-HEMOL\results\plots\budget_distribution.png
2026-09-19 22:02:15 | INFO    | [INFO] Avvio Ablation Study su vc_800_10000.txt (10 seed per variante)...
2026-09-19 22:02:15 | INFO    |   -> Grafo caricato: |V|=800, |E|=10000, n_ants=80
2026-09-19 22:02:15 | INFO    | [INFO] [1/5] Valutazione variante: 'MMAS Completo'...
2026-09-19 22:03:50 | INFO    |      [Run 1/10] seed=42 -> best_weight=11515
2026-09-19 22:11:54 | INFO    |      [Run 2/10] seed=43 -> best_weight=11515
2026-09-19 22:18:22 | INFO    |      [Run 3/10] seed=44 -> best_weight=11515
2026-09-19 22:24:36 | INFO    |      [Run 4/10] seed=45 -> best_weight=11521
2026-09-19 22:27:31 | INFO    |      [Run 1/10] seed=42 -> best_weight=44447
2026-09-19 22:29:52 | INFO    |      [Run 5/10] seed=46 -> best_weight=11515
2026-09-19 22:32:39 | INFO    | [INFO] Lettura dati da: C:\Users\macca\Desktop\università\magistrale\MWVC-Optimization-HEMOL\results\csv
2026-09-19 22:32:39 | INFO    | [INFO] 80 run caricate da 8 configurazioni.
2026-09-19 22:32:39 | INFO    | [INFO] Salvataggio grafici in: C:\Users\macca\Desktop\università\magistrale\MWVC-Optimization-HEMOL\results\plots
2026-09-19 22:32:40 | INFO    |   [OK] C:\Users\macca\Desktop\università\magistrale\MWVC-Optimization-HEMOL\results\plots\boxplot_best_weight.png
2026-09-19 22:32:41 | INFO    |   [OK] C:\Users\macca\Desktop\università\magistrale\MWVC-Optimization-HEMOL\results\plots\fe_vs_weight.png
2026-09-19 22:32:41 | INFO    |   [OK] C:\Users\macca\Desktop\università\magistrale\MWVC-Optimization-HEMOL\results\plots\budget_distribution.png
2026-09-19 22:32:41 | INFO    | [INFO] Avvio Ablation Study su vc_800_10000.txt (10 seed per variante)...
2026-09-19 22:32:41 | INFO    |   -> Grafo caricato: |V|=800, |E|=10000, n_ants=80
2026-09-19 22:32:41 | INFO    | [INFO] [1/5] Valutazione variante: 'MMAS Completo'...
2026-09-19 22:38:00 | INFO    |      [Run 6/10] seed=47 -> best_weight=11534
2026-09-19 22:46:07 | INFO    |      [Run 7/10] seed=48 -> best_weight=11521
2026-09-19 22:56:24 | INFO    |      [Run 8/10] seed=49 -> best_weight=11515
2026-09-19 23:02:56 | INFO    |      [Run 2/10] seed=43 -> best_weight=44455
2026-09-19 23:04:53 | INFO    |      [Run 9/10] seed=50 -> best_weight=11515
2026-09-19 23:08:03 | INFO    |      [Run 1/10] seed=42 -> best_weight=44447
2026-09-19 23:10:58 | INFO    |      [Run 10/10] seed=51 -> best_weight=11515
2026-09-19 23:10:58 | INFO    |   [OK] Variante 'MMAS Completo' completata: 11518.1 ± 5.8
2026-09-19 23:10:58 | INFO    | [INFO] [2/5] Valutazione variante: 'Senza Recovery'...
2026-09-19 23:16:54 | INFO    |      [Run 1/10] seed=42 -> best_weight=11515
2026-09-19 23:22:41 | INFO    |      [Run 2/10] seed=43 -> best_weight=11515
2026-09-19 23:23:57 | INFO    |      [Run 3/10] seed=44 -> best_weight=44619
2026-09-19 23:28:18 | INFO    |      [Run 3/10] seed=44 -> best_weight=11515
2026-09-19 23:30:38 | INFO    |      [Run 2/10] seed=43 -> best_weight=44455
2026-09-19 23:33:55 | INFO    |      [Run 4/10] seed=45 -> best_weight=11521
2026-09-19 23:39:36 | INFO    |      [Run 5/10] seed=46 -> best_weight=11515
2026-09-19 23:45:27 | INFO    |      [Run 6/10] seed=47 -> best_weight=11534
2026-09-19 23:46:28 | INFO    |      [Run 4/10] seed=45 -> best_weight=44527
2026-09-19 23:51:05 | INFO    |      [Run 7/10] seed=48 -> best_weight=11521
2026-09-19 23:53:08 | INFO    |      [Run 3/10] seed=44 -> best_weight=44619
2026-09-19 23:56:58 | INFO    |      [Run 8/10] seed=49 -> best_weight=11515
2026-09-20 07:43:31 | INFO    |      [Run 9/10] seed=50 -> best_weight=11515
2026-09-20 07:49:12 | INFO    |      [Run 5/10] seed=46 -> best_weight=44428
2026-09-20 07:50:01 | INFO    |      [Run 10/10] seed=51 -> best_weight=11515
2026-09-20 07:50:01 | INFO    |   [OK] Variante 'Senza Recovery' completata: 11518.1 ± 5.8
2026-09-20 07:50:01 | INFO    | [INFO] [3/5] Valutazione variante: 'Senza Pruning'...
2026-09-20 07:53:15 | INFO    |      [Run 4/10] seed=45 -> best_weight=44527
2026-09-20 07:55:57 | INFO    |      [Run 1/10] seed=42 -> best_weight=11553
2026-09-20 08:01:43 | INFO    |      [Run 2/10] seed=43 -> best_weight=11557
2026-09-20 08:07:20 | INFO    |      [Run 6/10] seed=47 -> best_weight=44442
2026-09-20 08:07:34 | INFO    |      [Run 3/10] seed=44 -> best_weight=11585
2026-09-20 08:13:01 | INFO    |      [Run 5/10] seed=46 -> best_weight=44428
2026-09-20 08:14:14 | INFO    |      [Run 4/10] seed=45 -> best_weight=11546
2026-09-20 08:22:32 | INFO    |      [Run 7/10] seed=48 -> best_weight=44442
2026-09-20 08:22:54 | INFO    |      [Run 5/10] seed=46 -> best_weight=11557
2026-09-20 08:26:25 | INFO    |      [Run 6/10] seed=47 -> best_weight=44442
2026-09-20 08:31:37 | INFO    |      [Run 6/10] seed=47 -> best_weight=11585
2026-09-20 08:36:01 | INFO    |      [Run 8/10] seed=49 -> best_weight=44446
2026-09-20 08:39:54 | INFO    |      [Run 7/10] seed=48 -> best_weight=44442
2026-09-20 08:40:17 | INFO    |      [Run 7/10] seed=48 -> best_weight=11557
2026-09-20 10:26:58 | INFO    |      [Run 8/10] seed=49 -> best_weight=11557
2026-09-20 10:36:03 | INFO    |      [Run 9/10] seed=50 -> best_weight=11585
2026-09-20 10:39:25 | INFO    |      [Run 9/10] seed=50 -> best_weight=44567
2026-09-20 10:46:28 | INFO    |      [Run 10/10] seed=51 -> best_weight=11557
2026-09-20 10:46:28 | INFO    |   [OK] Variante 'Senza Pruning' completata: 11563.9 ± 14.2
2026-09-20 10:46:28 | INFO    | [INFO] [4/5] Valutazione variante: 'No Feromone (α=0)'...
2026-09-20 10:55:49 | INFO    |      [Run 1/10] seed=42 -> best_weight=11515
2026-09-20 10:58:07 | INFO    |      [Run 10/10] seed=51 -> best_weight=44770
2026-09-20 10:58:07 | INFO    |   [OK] Variante 'MMAS Completo' completata: 44514.3 ± 104.8
2026-09-20 10:58:07 | INFO    | [INFO] [2/5] Valutazione variante: 'Senza Recovery'...
2026-09-20 11:03:55 | INFO    |      [Run 2/10] seed=43 -> best_weight=11515
2026-09-20 11:11:34 | INFO    |      [Run 3/10] seed=44 -> best_weight=11515
2026-09-20 11:14:53 | INFO    |      [Run 1/10] seed=42 -> best_weight=44447
2026-09-20 11:20:49 | INFO    |      [Run 4/10] seed=45 -> best_weight=11515
2026-09-20 11:28:31 | INFO    |      [Run 2/10] seed=43 -> best_weight=44455
2026-09-20 11:30:03 | INFO    |      [Run 5/10] seed=46 -> best_weight=11515
2026-09-20 11:39:17 | INFO    |      [Run 6/10] seed=47 -> best_weight=11515
2026-09-20 11:42:08 | INFO    |      [Run 3/10] seed=44 -> best_weight=44619
2026-09-20 11:48:31 | INFO    |      [Run 7/10] seed=48 -> best_weight=11521
2026-09-20 11:59:18 | INFO    |      [Run 8/10] seed=49 -> best_weight=11534
2026-09-20 12:00:46 | INFO    |      [Run 4/10] seed=45 -> best_weight=44527
2026-09-20 12:06:53 | INFO    |      [Run 9/10] seed=50 -> best_weight=11540
2026-09-20 12:14:13 | INFO    |      [Run 10/10] seed=51 -> best_weight=11515
2026-09-20 12:14:13 | INFO    |   [OK] Variante 'No Feromone (α=0)' completata: 11520.0 ± 8.8
2026-09-20 12:14:13 | INFO    | [INFO] [5/5] Valutazione variante: 'No Euristica (β=0)'...
2026-09-20 12:21:28 | INFO    |      [Run 1/10] seed=42 -> best_weight=11534
2026-09-20 12:23:44 | INFO    |      [Run 5/10] seed=46 -> best_weight=44428
2026-09-20 12:28:26 | INFO    |      [Run 2/10] seed=43 -> best_weight=11515
2026-09-20 12:35:41 | INFO    |      [Run 3/10] seed=44 -> best_weight=11515
2026-09-20 12:43:02 | INFO    |      [Run 4/10] seed=45 -> best_weight=11545
2026-09-20 12:46:46 | INFO    |      [Run 6/10] seed=47 -> best_weight=44442
2026-09-20 12:50:17 | INFO    |      [Run 5/10] seed=46 -> best_weight=11534
2026-09-20 12:57:47 | INFO    |      [Run 6/10] seed=47 -> best_weight=11534
2026-09-20 13:04:51 | INFO    |      [Run 7/10] seed=48 -> best_weight=11515
2026-09-20 13:09:59 | INFO    |      [Run 7/10] seed=48 -> best_weight=44442
2026-09-20 13:12:17 | INFO    |      [Run 8/10] seed=49 -> best_weight=11545
2026-09-20 13:19:26 | INFO    |      [Run 9/10] seed=50 -> best_weight=11534
2026-09-20 13:26:48 | INFO    |      [Run 10/10] seed=51 -> best_weight=11545
2026-09-20 13:26:48 | INFO    |   [OK] Variante 'No Euristica (β=0)' completata: 11531.6 ± 11.8
2026-09-20 13:26:52 | INFO    | [SUCCESSO] Grafico Ablation Study salvato in: C:\Users\macca\Desktop\università\magistrale\MWVC-Optimization-HEMOL\results\plots\ablation_study_mpi.png e C:\Users\macca\Desktop\università\magistrale\MWVC-Optimization-HEMOL\results\plots\ablation_study.png
2026-09-20 13:26:52 | INFO    | [SUCCESSO] Grafici di ablazione completati.
2026-09-20 14:34:05 | INFO    |      [Run 8/10] seed=49 -> best_weight=44446
2026-09-20 14:51:59 | INFO    |      [Run 9/10] seed=50 -> best_weight=44567
2026-09-20 15:08:54 | INFO    |      [Run 10/10] seed=51 -> best_weight=44770
2026-09-20 15:08:54 | INFO    |   [OK] Variante 'Senza Recovery' completata: 44514.3 ± 104.8
2026-09-20 15:08:54 | INFO    | [INFO] [3/5] Valutazione variante: 'Senza Pruning'...
2026-09-20 15:23:11 | INFO    |      [Run 1/10] seed=42 -> best_weight=46155
2026-09-20 15:38:39 | INFO    |      [Run 2/10] seed=43 -> best_weight=46155
2026-09-20 15:55:35 | INFO    |      [Run 3/10] seed=44 -> best_weight=46155
2026-09-20 16:11:39 | INFO    |      [Run 4/10] seed=45 -> best_weight=46155
2026-09-20 16:28:26 | INFO    |      [Run 5/10] seed=46 -> best_weight=46155
2026-09-20 16:45:13 | INFO    |      [Run 6/10] seed=47 -> best_weight=46155
2026-09-20 17:01:17 | INFO    |      [Run 7/10] seed=48 -> best_weight=46155
2026-09-20 17:17:31 | INFO    |      [Run 8/10] seed=49 -> best_weight=46155
2026-09-20 17:35:36 | INFO    |      [Run 9/10] seed=50 -> best_weight=46155
2026-09-20 17:58:33 | INFO    |      [Run 10/10] seed=51 -> best_weight=46155
2026-09-20 17:58:33 | INFO    |   [OK] Variante 'Senza Pruning' completata: 46155.0 ± 0.0
2026-09-20 17:58:33 | INFO    | [INFO] [4/5] Valutazione variante: 'No Feromone (α=0)'...
2026-09-20 18:23:23 | INFO    |      [Run 1/10] seed=42 -> best_weight=45583
2026-09-20 18:53:10 | INFO    |      [Run 2/10] seed=43 -> best_weight=45524
2026-09-20 19:34:22 | INFO    |      [Run 3/10] seed=44 -> best_weight=45521
2026-09-20 19:48:44 | INFO    |      [Run 4/10] seed=45 -> best_weight=45495
2026-09-20 20:09:17 | INFO    |      [Run 5/10] seed=46 -> best_weight=45487
2026-09-20 20:25:49 | INFO    |      [Run 6/10] seed=47 -> best_weight=45494
2026-09-20 20:41:45 | INFO    |      [Run 7/10] seed=48 -> best_weight=45439
2026-09-20 21:05:22 | INFO    |      [Run 8/10] seed=49 -> best_weight=45594
2026-09-20 21:35:05 | INFO    |      [Run 9/10] seed=50 -> best_weight=45594
2026-09-20 22:07:16 | INFO    |      [Run 10/10] seed=51 -> best_weight=45455
2026-09-20 22:07:16 | INFO    |   [OK] Variante 'No Feromone (α=0)' completata: 45518.6 ± 53.0
2026-09-20 22:07:16 | INFO    | [INFO] [5/5] Valutazione variante: 'No Euristica (β=0)'...
2026-09-21 12:25:39 | INFO    | [INFO] Avvio Ablation Study su vc_800_10000.txt (10 seed per variante)...
2026-09-21 12:25:39 | INFO    |   -> Grafo caricato: |V|=800, |E|=10000, n_ants=80
2026-09-21 12:25:39 | INFO    | [INFO] [1/5] Valutazione variante: 'MMAS Completo'...
2026-09-21 12:40:44 | INFO    |      [Run 1/10] seed=42 -> best_weight=44447
2026-09-21 12:58:29 | INFO    |      [Run 2/10] seed=43 -> best_weight=44455
2026-09-21 13:18:27 | INFO    |      [Run 3/10] seed=44 -> best_weight=44619
2026-09-21 13:39:22 | INFO    |      [Run 4/10] seed=45 -> best_weight=44527
2026-09-21 14:01:41 | INFO    |      [Run 5/10] seed=46 -> best_weight=44428
2026-09-21 14:23:51 | INFO    |      [Run 6/10] seed=47 -> best_weight=44442
2026-09-21 14:58:47 | INFO    |      [Run 7/10] seed=48 -> best_weight=44442
2026-09-21 15:36:46 | INFO    |      [Run 8/10] seed=49 -> best_weight=44446
2026-09-21 16:02:14 | INFO    |      [Run 9/10] seed=50 -> best_weight=44567
2026-09-21 16:26:57 | INFO    |      [Run 10/10] seed=51 -> best_weight=44770
2026-09-21 16:26:57 | INFO    |   [OK] Variante 'MMAS Completo' completata: 44514.3 ± 104.8
2026-09-21 16:26:57 | INFO    | [INFO] [2/5] Valutazione variante: 'Senza Recovery'...
2026-09-21 16:51:32 | INFO    |      [Run 1/10] seed=42 -> best_weight=44447
2026-09-21 17:15:58 | INFO    |      [Run 2/10] seed=43 -> best_weight=44455
2026-09-21 17:40:19 | INFO    |      [Run 3/10] seed=44 -> best_weight=44619
2026-09-21 18:26:13 | INFO    |      [Run 4/10] seed=45 -> best_weight=44527
2026-09-21 18:43:39 | INFO    |      [Run 5/10] seed=46 -> best_weight=44428
2026-09-21 18:56:36 | INFO    |      [Run 6/10] seed=47 -> best_weight=44442
2026-09-21 19:09:40 | INFO    |      [Run 7/10] seed=48 -> best_weight=44442
2026-09-21 19:22:44 | INFO    |      [Run 8/10] seed=49 -> best_weight=44446
2026-09-21 19:35:50 | INFO    |      [Run 9/10] seed=50 -> best_weight=44567
2026-09-21 19:49:21 | INFO    |      [Run 10/10] seed=51 -> best_weight=44770
2026-09-21 19:49:21 | INFO    |   [OK] Variante 'Senza Recovery' completata: 44514.3 ± 104.8
2026-09-21 19:49:21 | INFO    | [INFO] [3/5] Valutazione variante: 'Senza Pruning'...
2026-09-21 20:02:23 | INFO    |      [Run 1/10] seed=42 -> best_weight=46155
2026-09-21 20:15:23 | INFO    |      [Run 2/10] seed=43 -> best_weight=46155
2026-09-21 20:28:24 | INFO    |      [Run 3/10] seed=44 -> best_weight=46155
2026-09-21 20:41:27 | INFO    |      [Run 4/10] seed=45 -> best_weight=46155
2026-09-21 20:54:30 | INFO    |      [Run 5/10] seed=46 -> best_weight=46155
2026-09-21 21:07:22 | INFO    |      [Run 6/10] seed=47 -> best_weight=46155
2026-09-21 22:03:11 | INFO    |      [Run 7/10] seed=48 -> best_weight=46155
2026-09-21 22:24:20 | INFO    |      [Run 8/10] seed=49 -> best_weight=46155
2026-09-21 22:46:14 | INFO    |      [Run 9/10] seed=50 -> best_weight=46155
2026-09-21 23:06:22 | INFO    |      [Run 10/10] seed=51 -> best_weight=46155
2026-09-21 23:06:22 | INFO    |   [OK] Variante 'Senza Pruning' completata: 46155.0 ± 0.0
2026-09-21 23:06:22 | INFO    | [INFO] [4/5] Valutazione variante: 'No Feromone (α=0)'...
2026-09-21 23:29:27 | INFO    |      [Run 1/10] seed=42 -> best_weight=45583
2026-09-21 23:52:32 | INFO    |      [Run 2/10] seed=43 -> best_weight=45524
2026-09-22 00:34:41 | INFO    |      [Run 3/10] seed=44 -> best_weight=45521
2026-09-22 01:01:16 | INFO    |      [Run 4/10] seed=45 -> best_weight=45495
2026-09-22 01:26:25 | INFO    |      [Run 5/10] seed=46 -> best_weight=45487
2026-09-22 01:51:46 | INFO    |      [Run 6/10] seed=47 -> best_weight=45494
2026-09-22 02:16:41 | INFO    |      [Run 7/10] seed=48 -> best_weight=45439
2026-09-22 02:42:04 | INFO    |      [Run 8/10] seed=49 -> best_weight=45594
2026-09-22 03:07:29 | INFO    |      [Run 9/10] seed=50 -> best_weight=45594
2026-09-22 10:05:46 | INFO    |      [Run 10/10] seed=51 -> best_weight=45455
2026-09-22 10:05:46 | INFO    |   [OK] Variante 'No Feromone (α=0)' completata: 45518.6 ± 53.0
2026-09-22 10:05:46 | INFO    | [INFO] [5/5] Valutazione variante: 'No Euristica (β=0)'...
2026-09-22 10:19:49 | INFO    |      [Run 1/10] seed=42 -> best_weight=44874
2026-09-22 10:33:42 | INFO    |      [Run 2/10] seed=43 -> best_weight=44928
2026-09-22 10:47:28 | INFO    |      [Run 3/10] seed=44 -> best_weight=44576
2026-09-22 11:01:18 | INFO    |      [Run 4/10] seed=45 -> best_weight=44604
2026-09-22 11:15:07 | INFO    |      [Run 5/10] seed=46 -> best_weight=44729
2026-09-22 11:29:00 | INFO    |      [Run 6/10] seed=47 -> best_weight=44942
2026-09-22 11:49:04 | INFO    |      [Run 7/10] seed=48 -> best_weight=44880
2026-09-22 12:11:19 | INFO    |      [Run 8/10] seed=49 -> best_weight=44650
2026-09-22 12:34:50 | INFO    |      [Run 9/10] seed=50 -> best_weight=44598
2026-09-22 12:54:30 | INFO    |      [Run 10/10] seed=51 -> best_weight=44549
2026-09-22 12:54:30 | INFO    |   [OK] Variante 'No Euristica (β=0)' completata: 44733.0 ± 149.5
2026-09-22 12:54:34 | INFO    | [SUCCESSO] Grafico Ablation Study salvato in: results\plots\ablation_study_lpi.png e results\plots\ablation_study.png
2026-09-22 12:54:54 | INFO    | [INFO] Avvio Ablation Study su vc_800_10000.txt (5 seed per variante)...
2026-09-22 12:54:55 | INFO    |   -> Grafo caricato: |V|=800, |E|=10000, n_ants=80
2026-09-22 12:54:55 | INFO    | [INFO] [1/5] Valutazione variante: 'MMAS Completo'...
2026-09-22 13:17:05 | INFO    |      [Run 1/5] seed=42 -> best_weight=44447
2026-09-22 14:48:03 | INFO    |      [Run 2/5] seed=43 -> best_weight=44455
2026-09-22 15:32:43 | INFO    |      [Run 3/5] seed=44 -> best_weight=44619
2026-09-22 15:54:32 | INFO    |      [Run 4/5] seed=45 -> best_weight=44527
2026-09-22 16:29:30 | INFO    |      [Run 5/5] seed=46 -> best_weight=44428
2026-09-22 16:29:30 | INFO    |   [OK] Variante 'MMAS Completo' completata: 44495.2 ± 70.4
2026-09-22 16:29:30 | INFO    | [INFO] [2/5] Valutazione variante: 'Senza Recovery'...
2026-09-22 16:55:14 | INFO    |      [Run 1/5] seed=42 -> best_weight=44447
2026-09-22 17:12:56 | INFO    |      [Run 2/5] seed=43 -> best_weight=44455
2026-09-22 17:30:15 | INFO    |      [Run 3/5] seed=44 -> best_weight=44619
2026-09-22 17:51:12 | INFO    |      [Run 4/5] seed=45 -> best_weight=44527
2026-09-22 18:16:18 | INFO    |      [Run 5/5] seed=46 -> best_weight=44428
2026-09-22 18:16:18 | INFO    |   [OK] Variante 'Senza Recovery' completata: 44495.2 ± 70.4
2026-09-22 18:16:18 | INFO    | [INFO] [3/5] Valutazione variante: 'Senza Pruning'...
2026-09-22 18:34:03 | INFO    |      [Run 1/5] seed=42 -> best_weight=46155
2026-09-22 18:50:06 | INFO    |      [Run 2/5] seed=43 -> best_weight=46155
2026-09-22 20:58:47 | INFO    |      [Run 3/5] seed=44 -> best_weight=46155
2026-09-22 21:26:16 | INFO    |      [Run 4/5] seed=45 -> best_weight=46155
2026-09-22 21:50:41 | INFO    |      [Run 5/5] seed=46 -> best_weight=46155
2026-09-22 21:50:41 | INFO    |   [OK] Variante 'Senza Pruning' completata: 46155.0 ± 0.0
2026-09-22 21:50:41 | INFO    | [INFO] [4/5] Valutazione variante: 'No Feromone (α=0)'...
2026-09-22 22:15:46 | INFO    |      [Run 1/5] seed=42 -> best_weight=45583
2026-09-22 22:41:33 | INFO    |      [Run 2/5] seed=43 -> best_weight=45524
2026-09-22 23:17:54 | INFO    |      [Run 3/5] seed=44 -> best_weight=45521
2026-09-22 23:40:57 | INFO    |      [Run 4/5] seed=45 -> best_weight=45495
2026-09-22 23:59:32 | INFO    |      [Run 5/5] seed=46 -> best_weight=45487
2026-09-22 23:59:32 | INFO    |   [OK] Variante 'No Feromone (α=0)' completata: 45522.0 ± 33.7
2026-09-22 23:59:32 | INFO    | [INFO] [5/5] Valutazione variante: 'No Euristica (β=0)'...
2026-09-23 00:26:44 | INFO    |      [Run 1/5] seed=42 -> best_weight=44874
2026-09-23 00:55:15 | INFO    |      [Run 2/5] seed=43 -> best_weight=44928
2026-09-23 01:23:41 | INFO    |      [Run 3/5] seed=44 -> best_weight=44576
2026-09-23 02:04:07 | INFO    |      [Run 4/5] seed=45 -> best_weight=44604
2026-09-23 02:51:48 | INFO    |      [Run 5/5] seed=46 -> best_weight=44729
2026-09-23 02:51:48 | INFO    |   [OK] Variante 'No Euristica (β=0)' completata: 44742.2 ± 140.6
2026-09-23 02:51:51 | INFO    | [SUCCESSO] Grafico Ablation Study salvato in: results\plots\ablation_study_lpi_5run.png e results\plots\ablation_study.png
